word: 'пример'
word: 'текст'
word: 'буквы'
word: 'слова'
word: 'много'